2024-06-04T16:06:10.317Z [31merror[39m: Este es un mensaje error
2024-06-04T16:06:10.318Z [90mfatal[39m: Este es un mensaje fatal
2024-06-04T16:32:11.258Z [31merror[39m: Error al obtener el carrito seleccionado
2024-06-04T16:32:44.634Z [31merror[39m: Error al obtener el carrito seleccionado
2024-06-04T16:33:00.591Z [31merror[39m: Error al obtener el carrito seleccionado
2024-06-04T16:33:39.073Z [31merror[39m: Error al obtener el carrito seleccionado
2024-06-04T16:33:41.598Z [31merror[39m: Error al obtener el carrito seleccionado
2024-06-04T16:33:48.872Z [31merror[39m: Error al obtener el carrito seleccionado
2024-06-04T16:34:22.010Z [31merror[39m: Error al obtener el carrito seleccionado
2024-06-04T16:35:24.099Z [31merror[39m: Error al obtener el carrito seleccionado
2024-06-04T16:47:13.799Z [31merror[39m: Error al obtener el carrito seleccionado
2024-06-04T16:47:16.128Z [31merror[39m: Error al obtener el carrito seleccionado
2024-06-04T16:47:17.929Z [31merror[39m: Error al obtener el carrito seleccionado
2024-06-04T16:47:23.655Z [31merror[39m: Error al obtener el carrito seleccionado
2024-06-04T16:48:33.604Z [31merror[39m: Error al obtener el carrito seleccionado
2024-06-04T16:49:36.575Z [31merror[39m: Error al obtener el carrito seleccionado
2024-06-04T16:55:09.634Z [31merror[39m: Error al obtener el carrito seleccionado
2024-06-04T16:56:42.779Z [31merror[39m: Error al obtener el producto
2024-06-04T16:58:07.723Z [31merror[39m: Este es un mensaje error
2024-06-04T16:58:07.723Z [90mfatal[39m: Este es un mensaje fatal
2024-06-04T22:17:03.693Z [31merror[39m: Error al obtener el carrito seleccionado
2024-06-04T22:18:27.241Z [31merror[39m: Error al obtener el carrito seleccionado
2024-06-04T22:18:40.630Z [31merror[39m: Error al obtener el carrito seleccionado
undefined
undefined
undefined
2024-06-04T22:19:29.135Z [31merror[39m: Error al obtener el carrito seleccionado
2024-06-04T22:20:47.079Z [31merror[39m: Este es un mensaje error
2024-06-04T22:20:47.080Z [90mfatal[39m: Este es un mensaje fatal
2024-06-14T01:26:00.576Z [31merror[39m: No se pudo restaurar la contraseña
2024-06-14T01:32:21.959Z [31merror[39m: No se pudo restaurar la contraseña
2024-06-14T01:32:57.716Z [31merror[39m: No se pudo restaurar la contraseña
2024-06-14T01:33:42.371Z [31merror[39m: No se pudo restaurar la contraseña
2024-06-14T01:34:19.438Z [31merror[39m: No se pudo restaurar la contraseña
2024-06-14T01:34:41.512Z [31merror[39m: No se pudo restaurar la contraseña
2024-06-14T01:40:48.333Z [31merror[39m: No se pudo restaurar la contraseña
2024-06-14T01:41:15.658Z [31merror[39m: No se pudo restaurar la contraseña
2024-06-14T01:41:31.328Z [31merror[39m: No se pudo restaurar la contraseña
2024-06-14T01:42:39.551Z [31merror[39m: No se pudo restaurar la contraseña
2024-06-14T01:42:45.126Z [31merror[39m: No se pudo restaurar la contraseña
2024-06-14T16:05:55.115Z [31merror[39m: No se pudo restaurar la contraseña
2024-06-15T15:50:16.800Z [31merror[39m: No se pudo restaurar la contraseña
2024-06-15T15:51:45.495Z [31merror[39m: No se pudo restaurar la contraseña
2024-06-15T17:55:20.480Z [31merror[39m: No se pudo restaurar la contraseña
2024-06-15T22:33:37.256Z [31merror[39m: No se pudo restaurar la contraseña
2024-06-15T22:34:04.907Z [31merror[39m: No se pudo restaurar la contraseña
2024-06-15T22:34:27.158Z [31merror[39m: No se pudo restaurar la contraseña
2024-06-15T22:34:30.395Z [31merror[39m: No se pudo restaurar la contraseña
2024-06-15T22:34:43.481Z [31merror[39m: No se pudo restaurar la contraseña
2024-06-15T22:35:29.172Z [31merror[39m: No se pudo restaurar la contraseña
2024-06-15T22:35:52.380Z [31merror[39m: No se pudo restaurar la contraseña
2024-07-12T16:12:26.724Z [31merror[39m: UserService.uploadDocuments is not a function
2024-07-12T16:13:58.407Z [31merror[39m: UserService.uploadDocuments is not a function
2024-07-12T16:16:04.174Z [31merror[39m: ValidationError: documents.0._id: Cast to ObjectId failed for value "GonFotoRedes.jpeg" (type string) at path "_id" because of "BSONError"No se pudieron subir los documentos
2024-07-12T16:19:39.089Z [31merror[39m: ValidationError: documents.0._id: Cast to ObjectId failed for value "uvis-gon.jpeg" (type string) at path "_id" because of "BSONError"No se pudieron subir los documentos
2024-07-12T16:29:30.096Z [31merror[39m: ValidationError: documents: Cast to embedded failed for value "godeco-velvet-sinFondo.png" (type string) at path "documents" because of "ObjectParameterError"No se pudieron subir los documentos
2024-07-12T17:50:28.023Z [31merror[39m: Error al cambiar el usuario a Premium
2024-07-12T17:51:18.339Z [31merror[39m: Error al cambiar el usuario a Premium
2024-07-12T17:52:38.414Z [31merror[39m: Error al cambiar el usuario a Premium
2024-07-12T20:13:48.108Z [31merror[39m: TypeError: Cannot read properties of undefined (reading 'forEach')No se pudieron subir los documentos
2024-07-12T20:14:27.867Z [31merror[39m: TypeError: Cannot read properties of undefined (reading 'forEach')No se pudieron subir los documentos
